[
  {
    "code": "custom",
    "message": "Invalid input",
    "path": [
      "primary_color_options"
    ]
  }
]