[
  {
    "code": "invalid_type",
    "expected": "string",
    "received": "undefined",
    "path": [
      "primary_color_options",
      0,
      "id"
    ],
    "message": "Required"
  }
]