{
  "/en/missing_closing_tag.mdoc.md": [
    {
      "message": "Node 'if' is missing closing",
      "lines": [
        6,
        7
      ]
    },
    {
      "message": "Node 'if' is missing closing",
      "lines": [
        9,
        10
      ]
    }
  ]
}