{
  "/Users/jen.gilbert/go/src/github.com/DataDog/documentation/markdoc/markdoc-hugo-integration/test/mocks/invalidSite/content/en/bad_interpolated_options_source.mdoc.md": [
    "Invalid options source: The options source 'orange_item_options', which is required for the filter ID 'item', does not exist.",
    "Invalid options source: The options source 'green_item_options', which is required for the filter ID 'item', does not exist.",
    "Invalid options source: The options source 'indigo_item_options', which is required for the filter ID 'item', does not exist.",
    "Invalid options source: The options source 'violet_item_options', which is required for the filter ID 'item', does not exist."
  ],
  "/Users/jen.gilbert/go/src/github.com/DataDog/documentation/markdoc/markdoc-hugo-integration/test/mocks/invalidSite/content/en/bad_literal_options_source.mdoc.md": [
    "Invalid options source: The options source 'red_object_options', which is required for the filter ID 'item', does not exist.",
    "Invalid options source: The options source 'yellow_object_options', which is required for the filter ID 'item', does not exist.",
    "Invalid options source: The options source 'blue_object_options', which is required for the filter ID 'item', does not exist."
  ],
  "/Users/jen.gilbert/go/src/github.com/DataDog/documentation/markdoc/markdoc-hugo-integration/test/mocks/invalidSite/content/en/bad_nested_pref_value_reference.mdoc.md": [
    "Invalid value found in markup: \"bleu\" is not a valid value for the filter ID \"color\"."
  ],
  "/Users/jen.gilbert/go/src/github.com/DataDog/documentation/markdoc/markdoc-hugo-integration/test/mocks/invalidSite/content/en/bad_placeholder.mdoc.md": [
    "Invalid placeholder: The placeholder <COLOUR> in the options source '<COLOUR>_item_options' refers to an unrecognized filter ID. The file frontmatter must contain a filter with the ID 'colour', and it must be defined before the filter with the ID item."
  ],
  "/Users/jen.gilbert/go/src/github.com/DataDog/documentation/markdoc/markdoc-hugo-integration/test/mocks/invalidSite/content/en/bad_pref_value_reference.mdoc.md": [
    "Invalid value found in markup: \"bleu\" is not a valid value for the filter ID \"color\"."
  ],
  "/Users/jen.gilbert/go/src/github.com/DataDog/documentation/markdoc/markdoc-hugo-integration/test/mocks/invalidSite/content/en/bad_variable_id.mdoc.md": [
    "Invalid filter IDs found in markup: colour"
  ]
}