{
  "$$mdtype": "Tag",
  "name": "article",
  "attributes": {},
  "children": [
    {
      "$$mdtype": "Tag",
      "name": "h1",
      "attributes": {},
      "children": [
        "Test document"
      ]
    },
    {
      "$$mdtype": "Tag",
      "name": "p",
      "attributes": {},
      "children": [
        "Assume this file is converted to a renderable tree with the following variables:"
      ]
    },
    {
      "$$mdtype": "Tag",
      "name": "pre",
      "attributes": {
        "data-language": "javascript"
      },
      "children": [
        "const renderableTree = CdocsMarkdoc.transform(ast, {\n  variables: {\n    test_string: 'Datadog',\n    always_false: false,\n    always_true: true\n  }\n});\n"
      ]
    },
    {
      "$$mdtype": "Tag",
      "name": "ul",
      "attributes": {},
      "children": [
        {
          "$$mdtype": "Tag",
          "name": "li",
          "attributes": {},
          "children": [
            "Anything that says \"SHOWN\" should be marked as shown in the renderable tree."
          ]
        },
        {
          "$$mdtype": "Tag",
          "name": "li",
          "attributes": {},
          "children": [
            "Anything that says \"HIDDEN\" should not display."
          ]
        }
      ]
    },
    {
      "$$mdtype": "Tag",
      "name": "h2",
      "attributes": {},
      "children": [
        "Variable values"
      ]
    },
    {
      "$$mdtype": "Tag",
      "name": "ul",
      "attributes": {},
      "children": [
        {
          "$$mdtype": "Tag",
          "name": "li",
          "attributes": {},
          "children": [
            {
              "$$mdtype": "Tag",
              "name": "code",
              "attributes": {},
              "children": [
                "test_string"
              ]
            },
            ": ",
            {
              "$$mdtype": "Variable",
              "path": [
                "test_string"
              ],
              "value": "Datadog"
            }
          ]
        },
        {
          "$$mdtype": "Tag",
          "name": "li",
          "attributes": {},
          "children": [
            {
              "$$mdtype": "Tag",
              "name": "code",
              "attributes": {},
              "children": [
                "always_true"
              ]
            },
            ": ",
            {
              "$$mdtype": "Variable",
              "path": [
                "always_true"
              ],
              "value": true
            }
          ]
        },
        {
          "$$mdtype": "Tag",
          "name": "li",
          "attributes": {},
          "children": [
            {
              "$$mdtype": "Tag",
              "name": "code",
              "attributes": {},
              "children": [
                "always_false"
              ]
            },
            ": ",
            {
              "$$mdtype": "Variable",
              "path": [
                "always_false"
              ],
              "value": false
            }
          ]
        }
      ]
    },
    {
      "$$mdtype": "Tag",
      "name": "h2",
      "attributes": {},
      "children": [
        "Dynamic variables test"
      ]
    },
    {
      "$$mdtype": "Tag",
      "name": "h2",
      "attributes": {},
      "children": [
        {
          "$$mdtype": "Tag",
          "name": "code",
          "attributes": {},
          "children": [
            "else"
          ]
        },
        " test"
      ]
    },
    {
      "$$mdtype": "Tag",
      "name": "div",
      "if": {
        "$$mdtype": "Function",
        "name": "equals",
        "value": true,
        "parameters": {
          "0": {
            "$$mdtype": "Variable",
            "path": [
              "always_true"
            ],
            "value": true
          },
          "1": true
        },
        "ref": "0"
      },
      "attributes": {
        "display": "true"
      },
      "children": [
        {
          "$$mdtype": "Tag",
          "name": "p",
          "attributes": {},
          "children": [
            "SHOWN"
          ]
        }
      ]
    },
    {
      "$$mdtype": "Tag",
      "name": "div",
      "if": {
        "$$mdtype": "Function",
        "name": "not",
        "parameters": {
          "0": {
            "$$mdtype": "Function",
            "name": "equals",
            "value": true,
            "parameters": {
              "0": {
                "$$mdtype": "Variable",
                "path": [
                  "always_true"
                ],
                "value": true
              },
              "1": true
            },
            "ref": "0"
          }
        },
        "value": false,
        "ref": "50"
      },
      "attributes": {
        "display": "false"
      },
      "children": [
        {
          "$$mdtype": "Tag",
          "name": "p",
          "attributes": {},
          "children": [
            "HIDDEN"
          ]
        }
      ]
    },
    {
      "$$mdtype": "Tag",
      "name": "div",
      "if": {
        "$$mdtype": "Function",
        "name": "equals",
        "value": false,
        "parameters": {
          "0": {
            "$$mdtype": "Variable",
            "path": [
              "test_string"
            ],
            "value": "Datadog"
          },
          "1": "This will fail"
        },
        "ref": "2"
      },
      "attributes": {
        "display": "false"
      },
      "children": [
        {
          "$$mdtype": "Tag",
          "name": "p",
          "attributes": {},
          "children": [
            "HIDDEN"
          ]
        }
      ]
    },
    {
      "$$mdtype": "Tag",
      "name": "div",
      "if": {
        "$$mdtype": "Function",
        "name": "and",
        "parameters": {
          "0": {
            "$$mdtype": "Function",
            "name": "not",
            "parameters": {
              "0": {
                "$$mdtype": "Function",
                "name": "equals",
                "value": false,
                "parameters": {
                  "0": {
                    "$$mdtype": "Variable",
                    "path": [
                      "test_string"
                    ],
                    "value": "Datadog"
                  },
                  "1": "This will fail"
                },
                "ref": "2"
              }
            },
            "value": true,
            "ref": "51"
          },
          "1": {
            "$$mdtype": "Function",
            "name": "equals",
            "value": true,
            "parameters": {
              "0": {
                "$$mdtype": "Variable",
                "path": [
                  "test_string"
                ],
                "value": "Datadog"
              },
              "1": "Datadog"
            },
            "ref": "1"
          }
        },
        "value": true,
        "ref": "52"
      },
      "attributes": {
        "display": "true"
      },
      "children": [
        {
          "$$mdtype": "Tag",
          "name": "p",
          "attributes": {},
          "children": [
            "SHOWN"
          ]
        }
      ]
    },
    {
      "$$mdtype": "Tag",
      "name": "div",
      "if": {
        "$$mdtype": "Function",
        "name": "not",
        "parameters": {
          "0": {
            "$$mdtype": "Function",
            "name": "and",
            "parameters": {
              "0": {
                "$$mdtype": "Function",
                "name": "not",
                "parameters": {
                  "0": {
                    "$$mdtype": "Function",
                    "name": "equals",
                    "value": false,
                    "parameters": {
                      "0": {
                        "$$mdtype": "Variable",
                        "path": [
                          "test_string"
                        ],
                        "value": "Datadog"
                      },
                      "1": "This will fail"
                    },
                    "ref": "2"
                  }
                },
                "value": true,
                "ref": "51"
              },
              "1": {
                "$$mdtype": "Function",
                "name": "equals",
                "value": true,
                "parameters": {
                  "0": {
                    "$$mdtype": "Variable",
                    "path": [
                      "test_string"
                    ],
                    "value": "Datadog"
                  },
                  "1": "Datadog"
                },
                "ref": "1"
              }
            },
            "value": true,
            "ref": "52"
          }
        },
        "value": false,
        "ref": "53"
      },
      "attributes": {
        "display": "false"
      },
      "children": [
        {
          "$$mdtype": "Tag",
          "name": "p",
          "attributes": {},
          "children": [
            "HIDDEN"
          ]
        }
      ]
    },
    {
      "$$mdtype": "Tag",
      "name": "h2",
      "attributes": {},
      "children": [
        {
          "$$mdtype": "Tag",
          "name": "code",
          "attributes": {},
          "children": [
            "equals"
          ]
        },
        " test"
      ]
    },
    {
      "$$mdtype": "Tag",
      "name": "div",
      "if": {
        "$$mdtype": "Function",
        "name": "equals",
        "value": true,
        "parameters": {
          "0": {
            "$$mdtype": "Variable",
            "path": [
              "always_true"
            ],
            "value": true
          },
          "1": true
        },
        "ref": "3"
      },
      "attributes": {
        "display": "true"
      },
      "children": [
        {
          "$$mdtype": "Tag",
          "name": "p",
          "attributes": {},
          "children": [
            "SHOWN"
          ]
        }
      ]
    },
    {
      "$$mdtype": "Tag",
      "name": "div",
      "if": {
        "$$mdtype": "Function",
        "name": "equals",
        "value": true,
        "parameters": {
          "0": {
            "$$mdtype": "Variable",
            "path": [
              "test_string"
            ],
            "value": "Datadog"
          },
          "1": "Datadog"
        },
        "ref": "4"
      },
      "attributes": {
        "display": "true"
      },
      "children": [
        {
          "$$mdtype": "Tag",
          "name": "p",
          "attributes": {},
          "children": [
            "SHOWN"
          ]
        }
      ]
    },
    {
      "$$mdtype": "Tag",
      "name": "div",
      "if": {
        "$$mdtype": "Function",
        "name": "equals",
        "value": false,
        "parameters": {
          "0": {
            "$$mdtype": "Variable",
            "path": [
              "always_false"
            ],
            "value": false
          },
          "1": true
        },
        "ref": "5"
      },
      "attributes": {
        "display": "false"
      },
      "children": [
        {
          "$$mdtype": "Tag",
          "name": "p",
          "attributes": {},
          "children": [
            "HIDDEN"
          ]
        }
      ]
    },
    {
      "$$mdtype": "Tag",
      "name": "div",
      "if": {
        "$$mdtype": "Function",
        "name": "equals",
        "value": false,
        "parameters": {
          "0": {
            "$$mdtype": "Variable",
            "path": [
              "test_string"
            ],
            "value": "Datadog"
          },
          "1": "Hello"
        },
        "ref": "6"
      },
      "attributes": {
        "display": "false"
      },
      "children": [
        {
          "$$mdtype": "Tag",
          "name": "p",
          "attributes": {},
          "children": [
            "HIDDEN"
          ]
        }
      ]
    },
    {
      "$$mdtype": "Tag",
      "name": "h2",
      "attributes": {},
      "children": [
        {
          "$$mdtype": "Tag",
          "name": "code",
          "attributes": {},
          "children": [
            "default"
          ]
        },
        " test"
      ]
    },
    {
      "$$mdtype": "Tag",
      "name": "div",
      "if": {
        "$$mdtype": "Function",
        "name": "default",
        "value": true,
        "parameters": {
          "0": {
            "$$mdtype": "Variable",
            "path": [
              "notDefined"
            ]
          },
          "1": true
        }
      },
      "attributes": {
        "display": "true"
      },
      "children": [
        {
          "$$mdtype": "Tag",
          "name": "p",
          "attributes": {},
          "children": [
            "SHOWN"
          ]
        }
      ]
    },
    {
      "$$mdtype": "Tag",
      "name": "div",
      "if": {
        "$$mdtype": "Function",
        "name": "default",
        "value": true,
        "parameters": {
          "0": {
            "$$mdtype": "Variable",
            "path": [
              "always_true"
            ],
            "value": true
          },
          "1": false
        }
      },
      "attributes": {
        "display": "true"
      },
      "children": [
        {
          "$$mdtype": "Tag",
          "name": "p",
          "attributes": {},
          "children": [
            "SHOWN"
          ]
        }
      ]
    },
    {
      "$$mdtype": "Tag",
      "name": "div",
      "if": {
        "$$mdtype": "Function",
        "name": "default",
        "value": false,
        "parameters": {
          "0": {
            "$$mdtype": "Variable",
            "path": [
              "notDefined"
            ]
          },
          "1": false
        }
      },
      "attributes": {
        "display": "false"
      },
      "children": [
        {
          "$$mdtype": "Tag",
          "name": "p",
          "attributes": {},
          "children": [
            "HIDDEN"
          ]
        }
      ]
    },
    {
      "$$mdtype": "Tag",
      "name": "h2",
      "attributes": {},
      "children": [
        {
          "$$mdtype": "Tag",
          "name": "code",
          "attributes": {},
          "children": [
            "or"
          ]
        },
        " test"
      ]
    },
    {
      "$$mdtype": "Tag",
      "name": "div",
      "if": {
        "$$mdtype": "Function",
        "name": "or",
        "value": true,
        "parameters": {
          "0": {
            "$$mdtype": "Variable",
            "path": [
              "always_true"
            ],
            "value": true
          },
          "1": {
            "$$mdtype": "Variable",
            "path": [
              "always_false"
            ],
            "value": false
          }
        },
        "ref": "7"
      },
      "attributes": {
        "display": "true"
      },
      "children": [
        {
          "$$mdtype": "Tag",
          "name": "p",
          "attributes": {},
          "children": [
            "SHOWN"
          ]
        }
      ]
    },
    {
      "$$mdtype": "Tag",
      "name": "div",
      "if": {
        "$$mdtype": "Function",
        "name": "or",
        "value": true,
        "parameters": {
          "0": {
            "$$mdtype": "Function",
            "name": "equals",
            "value": false,
            "parameters": {
              "0": {
                "$$mdtype": "Variable",
                "path": [
                  "test_string"
                ],
                "value": "Datadog"
              },
              "1": "Hello"
            },
            "ref": "8"
          },
          "1": {
            "$$mdtype": "Function",
            "name": "equals",
            "value": true,
            "parameters": {
              "0": {
                "$$mdtype": "Variable",
                "path": [
                  "test_string"
                ],
                "value": "Datadog"
              },
              "1": "Datadog"
            },
            "ref": "9"
          }
        },
        "ref": "10"
      },
      "attributes": {
        "display": "true"
      },
      "children": [
        {
          "$$mdtype": "Tag",
          "name": "p",
          "attributes": {},
          "children": [
            "SHOWN"
          ]
        }
      ]
    },
    {
      "$$mdtype": "Tag",
      "name": "div",
      "if": {
        "$$mdtype": "Function",
        "name": "or",
        "value": false,
        "parameters": {
          "0": {
            "$$mdtype": "Variable",
            "path": [
              "missingVarOne"
            ]
          },
          "1": {
            "$$mdtype": "Variable",
            "path": [
              "missingVarTwo"
            ]
          }
        },
        "ref": "11"
      },
      "attributes": {
        "display": "false"
      },
      "children": [
        {
          "$$mdtype": "Tag",
          "name": "p",
          "attributes": {},
          "children": [
            "HIDDEN"
          ]
        }
      ]
    },
    {
      "$$mdtype": "Tag",
      "name": "h2",
      "attributes": {},
      "children": [
        {
          "$$mdtype": "Tag",
          "name": "code",
          "attributes": {},
          "children": [
            "and"
          ]
        },
        " test"
      ]
    },
    {
      "$$mdtype": "Tag",
      "name": "div",
      "if": {
        "$$mdtype": "Function",
        "name": "and",
        "value": true,
        "parameters": {
          "0": {
            "$$mdtype": "Variable",
            "path": [
              "always_true"
            ],
            "value": true
          },
          "1": {
            "$$mdtype": "Variable",
            "path": [
              "always_true"
            ],
            "value": true
          }
        },
        "ref": "12"
      },
      "attributes": {
        "display": "true"
      },
      "children": [
        {
          "$$mdtype": "Tag",
          "name": "p",
          "attributes": {},
          "children": [
            "SHOWN"
          ]
        }
      ]
    },
    {
      "$$mdtype": "Tag",
      "name": "div",
      "if": {
        "$$mdtype": "Function",
        "name": "and",
        "value": false,
        "parameters": {
          "0": {
            "$$mdtype": "Variable",
            "path": [
              "always_true"
            ],
            "value": true
          },
          "1": {
            "$$mdtype": "Variable",
            "path": [
              "always_false"
            ],
            "value": false
          }
        },
        "ref": "13"
      },
      "attributes": {
        "display": "false"
      },
      "children": [
        {
          "$$mdtype": "Tag",
          "name": "p",
          "attributes": {},
          "children": [
            "HIDDEN"
          ]
        }
      ]
    },
    {
      "$$mdtype": "Tag",
      "name": "div",
      "if": {
        "$$mdtype": "Function",
        "name": "and",
        "value": false,
        "parameters": {
          "0": {
            "$$mdtype": "Function",
            "name": "equals",
            "value": false,
            "parameters": {
              "0": {
                "$$mdtype": "Variable",
                "path": [
                  "test_string"
                ],
                "value": "Datadog"
              },
              "1": "Hello"
            },
            "ref": "14"
          },
          "1": {
            "$$mdtype": "Function",
            "name": "equals",
            "value": true,
            "parameters": {
              "0": {
                "$$mdtype": "Variable",
                "path": [
                  "test_string"
                ],
                "value": "Datadog"
              },
              "1": "Datadog"
            },
            "ref": "15"
          }
        },
        "ref": "16"
      },
      "attributes": {
        "display": "false"
      },
      "children": [
        {
          "$$mdtype": "Tag",
          "name": "p",
          "attributes": {},
          "children": [
            "HIDDEN"
          ]
        }
      ]
    },
    {
      "$$mdtype": "Tag",
      "name": "h2",
      "attributes": {},
      "children": [
        {
          "$$mdtype": "Tag",
          "name": "code",
          "attributes": {},
          "children": [
            "not"
          ]
        },
        " test"
      ]
    },
    {
      "$$mdtype": "Tag",
      "name": "div",
      "if": {
        "$$mdtype": "Function",
        "name": "not",
        "value": true,
        "parameters": {
          "0": {
            "$$mdtype": "Variable",
            "path": [
              "always_false"
            ],
            "value": false
          }
        },
        "ref": "17"
      },
      "attributes": {
        "display": "true"
      },
      "children": [
        {
          "$$mdtype": "Tag",
          "name": "p",
          "attributes": {},
          "children": [
            "SHOWN"
          ]
        }
      ]
    },
    {
      "$$mdtype": "Tag",
      "name": "div",
      "if": {
        "$$mdtype": "Function",
        "name": "not",
        "value": true,
        "parameters": {
          "0": {
            "$$mdtype": "Function",
            "name": "equals",
            "value": false,
            "parameters": {
              "0": {
                "$$mdtype": "Variable",
                "path": [
                  "test_string"
                ],
                "value": "Datadog"
              },
              "1": "Hello"
            },
            "ref": "18"
          }
        },
        "ref": "19"
      },
      "attributes": {
        "display": "true"
      },
      "children": [
        {
          "$$mdtype": "Tag",
          "name": "p",
          "attributes": {},
          "children": [
            "SHOWN"
          ]
        }
      ]
    },
    {
      "$$mdtype": "Tag",
      "name": "div",
      "if": {
        "$$mdtype": "Function",
        "name": "not",
        "value": false,
        "parameters": {
          "0": {
            "$$mdtype": "Variable",
            "path": [
              "always_true"
            ],
            "value": true
          }
        },
        "ref": "20"
      },
      "attributes": {
        "display": "false"
      },
      "children": [
        {
          "$$mdtype": "Tag",
          "name": "p",
          "attributes": {},
          "children": [
            "HIDDEN"
          ]
        }
      ]
    },
    {
      "$$mdtype": "Tag",
      "name": "div",
      "if": {
        "$$mdtype": "Function",
        "name": "not",
        "value": false,
        "parameters": {
          "0": {
            "$$mdtype": "Function",
            "name": "equals",
            "value": true,
            "parameters": {
              "0": {
                "$$mdtype": "Variable",
                "path": [
                  "test_string"
                ],
                "value": "Datadog"
              },
              "1": "Datadog"
            },
            "ref": "21"
          }
        },
        "ref": "22"
      },
      "attributes": {
        "display": "false"
      },
      "children": [
        {
          "$$mdtype": "Tag",
          "name": "p",
          "attributes": {},
          "children": [
            "HIDDEN"
          ]
        }
      ]
    },
    {
      "$$mdtype": "Tag",
      "name": "h2",
      "attributes": {},
      "children": [
        "Nested functions"
      ]
    },
    {
      "$$mdtype": "Tag",
      "name": "div",
      "if": {
        "$$mdtype": "Function",
        "name": "or",
        "value": true,
        "parameters": {
          "0": {
            "$$mdtype": "Function",
            "name": "not",
            "value": true,
            "parameters": {
              "0": {
                "$$mdtype": "Variable",
                "path": [
                  "always_false"
                ],
                "value": false
              }
            },
            "ref": "23"
          },
          "1": {
            "$$mdtype": "Function",
            "name": "not",
            "value": false,
            "parameters": {
              "0": {
                "$$mdtype": "Variable",
                "path": [
                  "always_true"
                ],
                "value": true
              }
            },
            "ref": "24"
          }
        },
        "ref": "25"
      },
      "attributes": {
        "display": "true"
      },
      "children": [
        {
          "$$mdtype": "Tag",
          "name": "p",
          "attributes": {},
          "children": [
            "SHOWN"
          ]
        }
      ]
    },
    {
      "$$mdtype": "Tag",
      "name": "div",
      "if": {
        "$$mdtype": "Function",
        "name": "or",
        "value": true,
        "parameters": {
          "0": {
            "$$mdtype": "Function",
            "name": "equals",
            "value": true,
            "parameters": {
              "0": {
                "$$mdtype": "Variable",
                "path": [
                  "test_string"
                ],
                "value": "Datadog"
              },
              "1": "Datadog"
            },
            "ref": "26"
          },
          "1": {
            "$$mdtype": "Function",
            "name": "equals",
            "value": false,
            "parameters": {
              "0": {
                "$$mdtype": "Variable",
                "path": [
                  "test_string"
                ],
                "value": "Datadog"
              },
              "1": "Hello"
            },
            "ref": "27"
          }
        },
        "ref": "28"
      },
      "attributes": {
        "display": "true"
      },
      "children": [
        {
          "$$mdtype": "Tag",
          "name": "p",
          "attributes": {},
          "children": [
            "SHOWN"
          ]
        }
      ]
    },
    {
      "$$mdtype": "Tag",
      "name": "div",
      "if": {
        "$$mdtype": "Function",
        "name": "and",
        "value": true,
        "parameters": {
          "0": {
            "$$mdtype": "Function",
            "name": "or",
            "value": true,
            "parameters": {
              "0": {
                "$$mdtype": "Function",
                "name": "not",
                "value": true,
                "parameters": {
                  "0": {
                    "$$mdtype": "Variable",
                    "path": [
                      "always_false"
                    ],
                    "value": false
                  }
                },
                "ref": "29"
              },
              "1": {
                "$$mdtype": "Function",
                "name": "not",
                "value": false,
                "parameters": {
                  "0": {
                    "$$mdtype": "Variable",
                    "path": [
                      "always_true"
                    ],
                    "value": true
                  }
                },
                "ref": "30"
              }
            },
            "ref": "31"
          },
          "1": {
            "$$mdtype": "Function",
            "name": "or",
            "value": true,
            "parameters": {
              "0": {
                "$$mdtype": "Function",
                "name": "not",
                "value": true,
                "parameters": {
                  "0": {
                    "$$mdtype": "Variable",
                    "path": [
                      "always_false"
                    ],
                    "value": false
                  }
                },
                "ref": "32"
              },
              "1": {
                "$$mdtype": "Function",
                "name": "not",
                "value": false,
                "parameters": {
                  "0": {
                    "$$mdtype": "Variable",
                    "path": [
                      "always_true"
                    ],
                    "value": true
                  }
                },
                "ref": "33"
              }
            },
            "ref": "34"
          }
        },
        "ref": "35"
      },
      "attributes": {
        "display": "true"
      },
      "children": [
        {
          "$$mdtype": "Tag",
          "name": "p",
          "attributes": {},
          "children": [
            "SHOWN"
          ]
        }
      ]
    },
    {
      "$$mdtype": "Tag",
      "name": "div",
      "if": {
        "$$mdtype": "Function",
        "name": "equals",
        "value": true,
        "parameters": {
          "0": {
            "$$mdtype": "Function",
            "name": "not",
            "value": true,
            "parameters": {
              "0": {
                "$$mdtype": "Variable",
                "path": [
                  "always_false"
                ],
                "value": false
              }
            },
            "ref": "36"
          },
          "1": true
        },
        "ref": "37"
      },
      "attributes": {
        "display": "true"
      },
      "children": [
        {
          "$$mdtype": "Tag",
          "name": "p",
          "attributes": {},
          "children": [
            "SHOWN"
          ]
        }
      ]
    },
    {
      "$$mdtype": "Tag",
      "name": "div",
      "if": {
        "$$mdtype": "Function",
        "name": "and",
        "value": false,
        "parameters": {
          "0": {
            "$$mdtype": "Function",
            "name": "and",
            "value": false,
            "parameters": {
              "0": {
                "$$mdtype": "Variable",
                "path": [
                  "always_false"
                ],
                "value": false
              },
              "1": {
                "$$mdtype": "Function",
                "name": "not",
                "value": false,
                "parameters": {
                  "0": {
                    "$$mdtype": "Variable",
                    "path": [
                      "always_true"
                    ],
                    "value": true
                  }
                },
                "ref": "38"
              }
            },
            "ref": "39"
          },
          "1": {
            "$$mdtype": "Function",
            "name": "or",
            "value": true,
            "parameters": {
              "0": {
                "$$mdtype": "Function",
                "name": "not",
                "value": true,
                "parameters": {
                  "0": {
                    "$$mdtype": "Variable",
                    "path": [
                      "always_false"
                    ],
                    "value": false
                  }
                },
                "ref": "40"
              },
              "1": {
                "$$mdtype": "Function",
                "name": "not",
                "value": false,
                "parameters": {
                  "0": {
                    "$$mdtype": "Variable",
                    "path": [
                      "always_true"
                    ],
                    "value": true
                  }
                },
                "ref": "41"
              }
            },
            "ref": "42"
          }
        },
        "ref": "43"
      },
      "attributes": {
        "display": "false"
      },
      "children": [
        {
          "$$mdtype": "Tag",
          "name": "p",
          "attributes": {},
          "children": [
            "HIDDEN"
          ]
        }
      ]
    },
    {
      "$$mdtype": "Tag",
      "name": "div",
      "if": {
        "$$mdtype": "Function",
        "name": "and",
        "value": false,
        "parameters": {
          "0": {
            "$$mdtype": "Function",
            "name": "not",
            "value": true,
            "parameters": {
              "0": {
                "$$mdtype": "Variable",
                "path": [
                  "always_false"
                ],
                "value": false
              }
            },
            "ref": "44"
          },
          "1": {
            "$$mdtype": "Function",
            "name": "not",
            "value": false,
            "parameters": {
              "0": {
                "$$mdtype": "Variable",
                "path": [
                  "always_true"
                ],
                "value": true
              }
            },
            "ref": "45"
          }
        },
        "ref": "46"
      },
      "attributes": {
        "display": "false"
      },
      "children": [
        {
          "$$mdtype": "Tag",
          "name": "p",
          "attributes": {},
          "children": [
            "HIDDEN"
          ]
        }
      ]
    },
    {
      "$$mdtype": "Tag",
      "name": "div",
      "if": {
        "$$mdtype": "Function",
        "name": "and",
        "value": false,
        "parameters": {
          "0": {
            "$$mdtype": "Function",
            "name": "equals",
            "value": true,
            "parameters": {
              "0": {
                "$$mdtype": "Variable",
                "path": [
                  "test_string"
                ],
                "value": "Datadog"
              },
              "1": "Datadog"
            },
            "ref": "47"
          },
          "1": {
            "$$mdtype": "Function",
            "name": "equals",
            "value": false,
            "parameters": {
              "0": {
                "$$mdtype": "Variable",
                "path": [
                  "test_string"
                ],
                "value": "Datadog"
              },
              "1": "Hello"
            },
            "ref": "48"
          }
        },
        "ref": "49"
      },
      "attributes": {
        "display": "false"
      },
      "children": [
        {
          "$$mdtype": "Tag",
          "name": "p",
          "attributes": {},
          "children": [
            "HIDDEN"
          ]
        }
      ]
    }
  ]
}