[
  {
    "code": "custom",
    "message": "Invalid input",
    "path": [
      "color_options"
    ]
  }
]