<style>
  .cdoc__hidden {
    background-color: dimgray;
    color: white;
  }

  code {
    color: deeppink;
  }

  .cdoc__hidden code {
    color: pink;
  }
</style>
<article>
  <h1>Test document</h1>
  <p>
    Anything with a YES in front of it should display normally, with no visible
    background color.
  </p>
  <p>
    Anything with a NO in front of it should have a dark background (to indicate
    that it has been given the <code>markdoc__hidden</code> class, and would be
    hidden in a real document).
  </p>
  <p>
    For easier checking, each section has its YESes at the top, and NOs at the
    bottom.
  </p>
  <h2>Variable values</h2>
  <ul>
    <li><code>test_string</code>: Datadog</li>
    <li><code>always_true</code>: true</li>
    <li><code>always_false</code>: false</li>
  </ul>
  <h2>Dynamic variables test</h2>
  <h2><code>equals</code> test</h2>
  <div class="cdoc__toggleable" data-if="0">
    <p>YES: Display if <code>equals($always_true, true)</code>.</p>
  </div>
  <div class="cdoc__toggleable" data-if="1">
    <p>
      YES: Display if <code>equals($test_string, &quot;Datadog&quot;)</code>.
    </p>
  </div>
  <div class="cdoc__toggleable cdoc__hidden" data-if="2">
    <p>NO: Display if <code>equals($always_false, true)</code>.</p>
  </div>
  <div class="cdoc__toggleable cdoc__hidden" data-if="3">
    <p>NO: Display if <code>equals($test_string, &quot;Hello&quot;)</code>.</p>
  </div>
  <h2><code>default</code> test</h2>
  <div class="cdoc__toggleable">
    <p>YES: Display if <code>default($notDefined, true)</code>.</p>
  </div>
  <div class="cdoc__toggleable">
    <p>YES: Display if <code>default($always_true, false)</code>.</p>
  </div>
  <div class="cdoc__toggleable cdoc__hidden">
    <p>NO: Display if <code>default($notDefined, false)</code>.</p>
  </div>
  <h2><code>or</code> test</h2>
  <div class="cdoc__toggleable" data-if="4">
    <p>YES: Display if <code>or($always_true, $always_false)</code>.</p>
  </div>
  <div class="cdoc__toggleable" data-if="7">
    <p>
      YES: Display if
      <code
        >or(equals($test_string, &quot;Hello&quot;), equals($test_string,
        &quot;Datadog&quot;))</code
      >.
    </p>
  </div>
  <div class="cdoc__toggleable cdoc__hidden" data-if="8">
    <p>NO: Display if <code>or($missingVarOne, $missingVarTwo)</code>.</p>
  </div>
  <h2><code>and</code> test</h2>
  <div class="cdoc__toggleable" data-if="9">
    <p>YES: Display if <code>and($always_true, $always_true)</code>.</p>
  </div>
  <div class="cdoc__toggleable cdoc__hidden" data-if="10">
    <p>NO: Display if <code>and($always_true, $always_false)</code>.</p>
  </div>
  <div class="cdoc__toggleable cdoc__hidden" data-if="13">
    <p>
      NO: Display if
      <code
        >and(equals($test_string, &quot;Hello&quot;), equals($test_string,
        &quot;Datadog&quot;))</code
      >.
    </p>
  </div>
  <h2><code>not</code> test</h2>
  <div class="cdoc__toggleable" data-if="14">
    <p>YES: Display if <code>not($always_false)</code>.</p>
  </div>
  <div class="cdoc__toggleable" data-if="16">
    <p>
      YES: Display if <code>not(equals($test_string, &quot;Hello&quot;))</code>.
    </p>
  </div>
  <div class="cdoc__toggleable cdoc__hidden" data-if="17">
    <p>NO: Display if <code>not($always_true)</code>.</p>
  </div>
  <div class="cdoc__toggleable cdoc__hidden" data-if="19">
    <p>
      NO: Display if
      <code>not(equals($test_string, &quot;Datadog&quot;))</code>.
    </p>
  </div>
  <h2>Nested functions</h2>
  <div class="cdoc__toggleable" data-if="22">
    <p>
      YES: Display if <code>or(not($always_false), not($always_true))</code>.
    </p>
  </div>
  <div class="cdoc__toggleable" data-if="25">
    <p>
      YES: Display if
      <code
        >or(equals($test_string, &quot;Datadog&quot;), equals($test_string,
        &quot;Hello&quot;))</code
      >.
    </p>
  </div>
  <div class="cdoc__toggleable" data-if="32">
    <p>
      YES: Display if
      <code
        >and(or(not($always_false), not($always_true)), or(not($always_false),
        not($always_true)))</code
      >.
    </p>
  </div>
  <div class="cdoc__toggleable" data-if="34">
    <p>YES: Display if <code>equals(not($always_false), true)</code>.</p>
  </div>
  <div class="cdoc__toggleable cdoc__hidden" data-if="40">
    <p>
      NO: Display if
      <code
        >and(and($always_false, not($always_true)), or(not($always_false),
        not($always_true)))</code
      >.
    </p>
  </div>
  <div class="cdoc__toggleable cdoc__hidden" data-if="43">
    <p>
      NO: Display if <code>and(not($always_false), not($always_true))</code>.
    </p>
  </div>
  <div class="cdoc__toggleable cdoc__hidden" data-if="46">
    <p>
      NO: Display if
      <code
        >and(equals($test_string, &quot;Datadog&quot;), equals($test_string,
        &quot;Hello&quot;))</code
      >.
    </p>
  </div>
</article>
