options:
  - id: circle
    label: Circle
  - id: rectangle
    label: Rectangle
  - id: triangle
    label: Triangle