block_shape_options:
  - id: circle
    default: true
  - id: rectangle
  - id: triangle