[
  "Invalid options source: The options source 'orange_item_options', which is required for the filter ID 'item', does not exist.",
  "Invalid options source: The options source 'green_item_options', which is required for the filter ID 'item', does not exist.",
  "Invalid options source: The options source 'indigo_item_options', which is required for the filter ID 'item', does not exist.",
  "Invalid options source: The options source 'violet_item_options', which is required for the filter ID 'item', does not exist.",
]