{
  "filtersByTraitId": {
    "color": {
      "config": {
        "label": "Color",
        "trait_id": "color",
        "option_group_id": "color_options"
      },
      "defaultValsByOptionGroupId": {
        "color_options": "blue"
      },
      "possibleVals": [
        "blue",
        "red"
      ]
    },
    "finish": {
      "config": {
        "label": "Finish",
        "trait_id": "finish",
        "option_group_id": "finish_options"
      },
      "defaultValsByOptionGroupId": {
        "finish_options": "eggshell"
      },
      "possibleVals": [
        "matte",
        "eggshell",
        "gloss"
      ]
    },
    "paint": {
      "config": {
        "label": "Paint color",
        "trait_id": "paint",
        "option_group_id": "<FINISH>_<COLOR>_paint_options"
      },
      "defaultValsByOptionGroupId": {
        "matte_blue_paint_options": "powder_blue_m",
        "matte_red_paint_options": "brick_m",
        "eggshell_blue_paint_options": "elegant_royal_e",
        "eggshell_red_paint_options": "rose_e",
        "gloss_blue_paint_options": "sky_blue_g",
        "gloss_red_paint_options": "fire_engine_g"
      },
      "possibleVals": [
        "powder_blue_m",
        "brick_m",
        "scarlet_m",
        "elegant_royal_e",
        "robins_egg_e",
        "rose_e",
        "ruby_e",
        "sky_blue_g",
        "navy_g",
        "fire_engine_g",
        "crimson_g"
      ]
    }
  },
  "optionGroupsById": {
    "color_options": [
      {
        "default": true,
        "id": "blue",
        "label": "Blue"
      },
      {
        "id": "red",
        "label": "Red"
      }
    ],
    "finish_options": [
      {
        "id": "matte",
        "label": "Matte"
      },
      {
        "default": true,
        "id": "eggshell",
        "label": "Eggshell"
      },
      {
        "id": "gloss",
        "label": "Gloss"
      }
    ],
    "matte_blue_paint_options": [
      {
        "default": true,
        "id": "powder_blue_m",
        "label": "Powder Blue"
      }
    ],
    "matte_red_paint_options": [
      {
        "default": true,
        "id": "brick_m",
        "label": "Brick"
      },
      {
        "id": "scarlet_m",
        "label": "Scarlet"
      }
    ],
    "eggshell_blue_paint_options": [
      {
        "default": true,
        "id": "elegant_royal_e",
        "label": "Elegant Royal"
      },
      {
        "id": "robins_egg_e",
        "label": "Robin's Egg"
      }
    ],
    "eggshell_red_paint_options": [
      {
        "default": true,
        "id": "rose_e",
        "label": "Rose"
      },
      {
        "id": "ruby_e",
        "label": "Ruby"
      }
    ],
    "gloss_blue_paint_options": [
      {
        "default": true,
        "id": "sky_blue_g",
        "label": "Sky Blue"
      },
      {
        "id": "navy_g",
        "label": "Navy"
      }
    ],
    "gloss_red_paint_options": [
      {
        "default": true,
        "id": "fire_engine_g",
        "label": "Fire Engine"
      },
      {
        "id": "crimson_g",
        "label": "Crimson"
      }
    ]
  },
  "errors": [],
  "defaultValsByTraitId": {
    "color": "blue",
    "finish": "eggshell",
    "paint": "elegant_royal_e"
  }
}