{
  "en": {
    "traitsById": {
      "habitat": {
        "id": "habitat",
        "label": "Habitat",
        "description": "The surroundings in which an animal lives, such as 'forest' or 'desert'."
      },
      "animal": {
        "id": "animal",
        "label": "Animal"
      }
    },
    "optionsById": {
      "ocean": {
        "id": "ocean",
        "label": "Ocean"
      },
      "desert": {
        "id": "desert",
        "label": "Desert"
      },
      "forest": {
        "id": "forest",
        "label": "Forest"
      },
      "whale": {
        "id": "whale",
        "label": "Whale"
      },
      "shark": {
        "id": "shark",
        "label": "Shark"
      },
      "octopus": {
        "id": "octopus",
        "label": "Octopus"
      },
      "fish": {
        "id": "fish",
        "label": "Fish"
      },
      "camel": {
        "id": "camel",
        "label": "Camel"
      },
      "rattlesnake": {
        "id": "rattlesnake",
        "label": "Rattlesnake"
      },
      "deer": {
        "id": "deer",
        "label": "Deer"
      },
      "squirrel": {
        "id": "squirrel",
        "label": "Squirrel"
      },
      "owl": {
        "id": "owl",
        "label": "Owl"
      }
    },
    "optionGroupsById": {
      "habitat_options": [
        {
          "default": true,
          "id": "ocean",
          "label": "Ocean"
        },
        {
          "id": "desert",
          "label": "Desert"
        },
        {
          "id": "forest",
          "label": "Forest"
        }
      ],
      "desert_animal_options": [
        {
          "default": true,
          "id": "camel",
          "label": "Camel"
        },
        {
          "id": "rattlesnake",
          "label": "Rattlesnake"
        }
      ],
      "forest_animal_options": [
        {
          "id": "deer",
          "label": "Deer"
        },
        {
          "id": "squirrel",
          "label": "Squirrel"
        },
        {
          "default": true,
          "id": "owl",
          "label": "Owl"
        }
      ],
      "ocean_animal_options": [
        {
          "id": "whale",
          "label": "Whale"
        },
        {
          "id": "shark",
          "label": "Shark"
        },
        {
          "default": true,
          "id": "octopus",
          "label": "Octopus"
        },
        {
          "id": "fish",
          "label": "Fish"
        }
      ]
    }
  }
}