{
  "habitat": {
    "id": "habitat",
    "label": "Habitat",
    "defaultValue": "ocean",
    "currentValue": "ocean",
    "options": [
      {
        "id": "ocean",
        "label": "Ocean"
      },
      {
        "id": "desert",
        "label": "Desert"
      },
      {
        "id": "forest",
        "label": "Forest"
      }
    ]
  },
  "animal": {
    "id": "animal",
    "label": "Animal",
    "defaultValue": "octopus",
    "currentValue": "octopus",
    "options": [
      {
        "id": "whale",
        "label": "Whale"
      },
      {
        "id": "shark",
        "label": "Shark"
      },
      {
        "id": "octopus",
        "label": "Octopus"
      },
      {
        "id": "fish",
        "label": "Fish"
      }
    ]
  }
}