{
  "$$mdtype": "Tag",
  "name": "article",
  "attributes": {},
  "children": [
    {
      "$$mdtype": "Tag",
      "name": "h1",
      "attributes": {},
      "children": [
        "Custom components test"
      ]
    },
    {
      "$$mdtype": "Tag",
      "name": "p",
      "attributes": {},
      "children": [
        "A check to determine if the custom components are working correctly."
      ]
    },
    {
      "$$mdtype": "Tag",
      "name": "h2",
      "attributes": {},
      "children": [
        "Alert"
      ]
    },
    {
      "$$mdtype": "Tag",
      "name": "Alert",
      "attributes": {
        "level": "info"
      },
      "children": [
        {
          "$$mdtype": "Tag",
          "name": "p",
          "attributes": {},
          "children": [
            "This is an info alert!"
          ]
        }
      ]
    },
    {
      "$$mdtype": "Tag",
      "name": "Alert",
      "attributes": {
        "level": "warning"
      },
      "children": [
        {
          "$$mdtype": "Tag",
          "name": "p",
          "attributes": {},
          "children": [
            "This is a warning alert!"
          ]
        }
      ]
    },
    {
      "$$mdtype": "Tag",
      "name": "p",
      "attributes": {},
      "children": [
        "An alert should appear above."
      ]
    }
  ]
}