{
  "en": {
    "filtersById": {
      "color": {
        "display_name": "Color",
        "id": "color",
      },
      "item": {
        "display_name": "Item",
        "id": "item",
      },
    },
    "optionsById": {
      "apple": {
        "display_name": "Apple",
        "id": "apple",
      },
      "banana": {
        "display_name": "Banana",
        "id": "banana",
      },
      "blue": {
        "display_name": "Blue",
        "id": "blue",
      },
      "blueberry": {
        "display_name": "Blueberry",
        "id": "blueberry",
      },
      "emerald": {
        "display_name": "Emerald",
        "id": "emerald",
      },
      "firetruck": {
        "display_name": "Firetruck",
        "id": "firetruck",
      },
      "frog": {
        "display_name": "Frog",
        "id": "frog",
      },
      "grass": {
        "display_name": "Grass",
        "id": "grass",
      },
      "green": {
        "display_name": "Green",
        "id": "green",
      },
      "jeans": {
        "display_name": "Jeans",
        "id": "jeans",
      },
      "lemon": {
        "display_name": "Lemon",
        "id": "lemon",
      },
      "lime": {
        "display_name": "Lime",
        "id": "lime",
      },
      "ocean": {
        "display_name": "Ocean",
        "id": "ocean",
      },
      "red": {
        "display_name": "Red",
        "id": "red",
      },
      "ruby": {
        "display_name": "Ruby",
        "id": "ruby",
      },
      "school_bus": {
        "display_name": "School bus",
        "id": "school_bus",
      },
      "sky": {
        "display_name": "Sky",
        "id": "sky",
      },
      "stop_sign": {
        "display_name": "Stop sign",
        "id": "stop_sign",
      },
      "sunflower": {
        "display_name": "Sunflower",
        "id": "sunflower",
      },
      "yellow": {
        "display_name": "Yellow",
        "id": "yellow",
      },
    },
  },
  "ja": {
    "filtersById": {
      "color": {
        "display_name": "Color(ja)",
        "id": "color",
      },
      "item": {
        "display_name": "Item",
        "id": "item",
      },
    },
    "optionsById": {
      "apple": {
        "display_name": "Apple (ja)",
        "id": "apple",
      },
      "banana": {
        "display_name": "Banana (ja)",
        "id": "banana",
      },
      "blue": {
        "display_name": "Blue (ja)",
        "id": "blue",
      },
      "blueberry": {
        "display_name": "Blueberry (ja)",
        "id": "blueberry",
      },
      "emerald": {
        "display_name": "Emerald (ja)",
        "id": "emerald",
      },
      "firetruck": {
        "display_name": "Firetruck (ja)",
        "id": "firetruck",
      },
      "frog": {
        "display_name": "Frog (ja)",
        "id": "frog",
      },
      "grass": {
        "display_name": "Grass (ja)",
        "id": "grass",
      },
      "green": {
        "display_name": "Green (ja)",
        "id": "green",
      },
      "jeans": {
        "display_name": "Jeans (ja)",
        "id": "jeans",
      },
      "lemon": {
        "display_name": "Lemon (ja)",
        "id": "lemon",
      },
      "lime": {
        "display_name": "Lime (ja)",
        "id": "lime",
      },
      "ocean": {
        "display_name": "Ocean (ja)",
        "id": "ocean",
      },
      "red": {
        "display_name": "Red (ja)",
        "id": "red",
      },
      "ruby": {
        "display_name": "Ruby",
        "id": "ruby",
      },
      "school_bus": {
        "display_name": "School bus (ja)",
        "id": "school_bus",
      },
      "sky": {
        "display_name": "Sky (ja)",
        "id": "sky",
      },
      "stop_sign": {
        "display_name": "Stop sign (ja)",
        "id": "stop_sign",
      },
      "sunflower": {
        "display_name": "Sunflower (ja)",
        "id": "sunflower",
      },
      "yellow": {
        "display_name": "Yellow (ja)",
        "id": "yellow",
      },
    },
  },
}