{
  "$$mdtype": "Tag",
  "name": "article",
  "attributes": {},
  "children": [
    {
      "$$mdtype": "Tag",
      "name": "Alert",
      "attributes": {
        "level": "warning"
      },
      "children": [
        {
          "$$mdtype": "Tag",
          "name": "p",
          "attributes": {},
          "children": [
            "Warning: This is just a test page. It's not real."
          ]
        }
      ]
    },
    {
      "$$mdtype": "Tag",
      "name": "p",
      "attributes": {},
      "children": [
        "This test page explores everyday items that are blue, yellow, or red -- which also happen to be the primary colors of the color wheel. If this seems contrived and odd, that's only because test pages are often both of those things."
      ]
    },
    {
      "$$mdtype": "Tag",
      "name": "div",
      "if": {
        "$$mdtype": "Function",
        "name": "equals",
        "value": true,
        "parameters": {
          "0": {
            "$$mdtype": "Variable",
            "path": [
              "color"
            ],
            "value": "blue"
          },
          "1": "blue"
        },
        "ref": "4"
      },
      "attributes": {
        "display": "true"
      },
      "children": [
        {
          "$$mdtype": "Tag",
          "name": "h2",
          "attributes": {
            "id": "blue-header-id-override"
          },
          "children": [
            "Blue "
          ]
        },
        {
          "$$mdtype": "Tag",
          "name": "p",
          "attributes": {},
          "children": [
            "Blue is a calming and serene color that is often associated with tranquility, stability, and trust."
          ]
        },
        {
          "$$mdtype": "Tag",
          "name": "div",
          "if": {
            "$$mdtype": "Function",
            "name": "equals",
            "value": false,
            "parameters": {
              "0": {
                "$$mdtype": "Variable",
                "path": [
                  "item"
                ],
                "value": "sky"
              },
              "1": "ocean"
            },
            "ref": "0"
          },
          "attributes": {
            "display": "false"
          },
          "children": [
            {
              "$$mdtype": "Tag",
              "name": "h3",
              "attributes": {
                "id": "ocean"
              },
              "children": [
                "Ocean"
              ]
            },
            {
              "$$mdtype": "Tag",
              "name": "p",
              "attributes": {},
              "children": [
                "The ocean is a vast and expansive body of saltwater that covers approximately 70% of the Earth's surface. It plays a crucial role in regulating the planet's climate and weather patterns, as well as supporting a diverse array of marine life."
              ]
            },
            {
              "$$mdtype": "Tag",
              "name": "p",
              "attributes": {},
              "children": [
                "The ocean is a source of food, recreation, and transportation for humans, and its depths remain largely unexplored, holding many mysteries and wonders. The sight and sound of the ocean waves can evoke a sense of calm and tranquility, making it a popular destination for relaxation and reflection."
              ]
            }
          ]
        },
        {
          "$$mdtype": "Tag",
          "name": "div",
          "if": {
            "$$mdtype": "Function",
            "name": "equals",
            "value": true,
            "parameters": {
              "0": {
                "$$mdtype": "Variable",
                "path": [
                  "item"
                ],
                "value": "sky"
              },
              "1": "sky"
            },
            "ref": "1"
          },
          "attributes": {
            "display": "true"
          },
          "children": [
            {
              "$$mdtype": "Tag",
              "name": "h3",
              "attributes": {
                "id": "sky"
              },
              "children": [
                "Sky"
              ]
            },
            {
              "$$mdtype": "Tag",
              "name": "p",
              "attributes": {},
              "children": [
                "The sky is the expanse of atmosphere that we see when we look up from the Earth's surface. During the day, it appears blue due to the scattering of sunlight by the molecules in the air, a phenomenon known as Rayleigh scattering."
              ]
            },
            {
              "$$mdtype": "Tag",
              "name": "p",
              "attributes": {},
              "children": [
                "The sky changes color at sunrise and sunset, displaying beautiful hues of red, orange, and pink. It is home to various weather phenomena, including clouds, rainbows, and storms, and serves as the backdrop for celestial bodies like the sun, moon, and stars. The sky's vastness and ever-changing nature inspire a sense of wonder and curiosity."
              ]
            }
          ]
        },
        {
          "$$mdtype": "Tag",
          "name": "div",
          "if": {
            "$$mdtype": "Function",
            "name": "equals",
            "value": false,
            "parameters": {
              "0": {
                "$$mdtype": "Variable",
                "path": [
                  "item"
                ],
                "value": "sky"
              },
              "1": "jeans"
            },
            "ref": "2"
          },
          "attributes": {
            "display": "false"
          },
          "children": [
            {
              "$$mdtype": "Tag",
              "name": "h3",
              "attributes": {
                "id": "jeans"
              },
              "children": [
                "Jeans"
              ]
            },
            {
              "$$mdtype": "Tag",
              "name": "p",
              "attributes": {},
              "children": [
                "Jeans are a type of durable clothing typically made from denim fabric. They are known for their versatility and comfort, making them a staple in wardrobes around the world."
              ]
            },
            {
              "$$mdtype": "Tag",
              "name": "p",
              "attributes": {},
              "children": [
                "Originally designed as workwear for miners and laborers in the 19th century, jeans have evolved into a fashion icon, available in various styles, cuts, and colors. They can be dressed up or down, suitable for casual outings or more formal occasions. The durability and timeless appeal of jeans have made them a beloved garment for people of all ages."
              ]
            }
          ]
        },
        {
          "$$mdtype": "Tag",
          "name": "div",
          "if": {
            "$$mdtype": "Function",
            "name": "equals",
            "value": false,
            "parameters": {
              "0": {
                "$$mdtype": "Variable",
                "path": [
                  "item"
                ],
                "value": "sky"
              },
              "1": "blueberry"
            },
            "ref": "3"
          },
          "attributes": {
            "display": "false"
          },
          "children": [
            {
              "$$mdtype": "Tag",
              "name": "h3",
              "attributes": {
                "id": "blueberry"
              },
              "children": [
                "Blueberry"
              ]
            },
            {
              "$$mdtype": "Tag",
              "name": "p",
              "attributes": {},
              "children": [
                "Blueberries are small, round fruits that are known for their sweet and slightly tart flavor. They are rich in antioxidants, vitamins, and fiber, making them a nutritious addition to any diet. Blueberries can be eaten fresh, added to cereals and yogurt, or used in baking to make delicious treats like muffins and pies."
              ]
            },
            {
              "$$mdtype": "Tag",
              "name": "p",
              "attributes": {},
              "children": [
                "Blueberries are also popular in smoothies and jams. The vibrant blue color of blueberries adds a visual appeal to dishes, and their health benefits make them a favorite among health-conscious individuals."
              ]
            }
          ]
        }
      ]
    },
    {
      "$$mdtype": "Tag",
      "name": "div",
      "if": {
        "$$mdtype": "Function",
        "name": "equals",
        "value": false,
        "parameters": {
          "0": {
            "$$mdtype": "Variable",
            "path": [
              "color"
            ],
            "value": "blue"
          },
          "1": "yellow"
        },
        "ref": "5"
      },
      "attributes": {
        "display": "false"
      },
      "children": [
        {
          "$$mdtype": "Tag",
          "name": "h2",
          "attributes": {
            "id": "yellow"
          },
          "children": [
            "Yellow"
          ]
        },
        {
          "$$mdtype": "Tag",
          "name": "div",
          "if": {
            "$$mdtype": "Function",
            "name": "equals",
            "value": false,
            "parameters": {
              "0": {
                "$$mdtype": "Variable",
                "path": [
                  "item"
                ],
                "value": "sky"
              },
              "1": "banana"
            },
            "ref": "7"
          },
          "attributes": {
            "display": "false"
          },
          "children": [
            {
              "$$mdtype": "Tag",
              "name": "p",
              "attributes": {},
              "children": [
                "Bananas are a type of fruit. They're often eaten raw or used in baking."
              ]
            }
          ]
        },
        {
          "$$mdtype": "Tag",
          "name": "div",
          "if": {
            "$$mdtype": "Function",
            "name": "equals",
            "value": false,
            "parameters": {
              "0": {
                "$$mdtype": "Variable",
                "path": [
                  "item"
                ],
                "value": "sky"
              },
              "1": "sunflower"
            },
            "ref": "8"
          },
          "attributes": {
            "display": "false"
          },
          "children": [
            {
              "$$mdtype": "Tag",
              "name": "p",
              "attributes": {},
              "children": [
                "Sunflowers are a type of flower. They're known for their large, yellow petals."
              ]
            }
          ]
        },
        {
          "$$mdtype": "Tag",
          "name": "div",
          "if": {
            "$$mdtype": "Function",
            "name": "equals",
            "value": false,
            "parameters": {
              "0": {
                "$$mdtype": "Variable",
                "path": [
                  "item"
                ],
                "value": "sky"
              },
              "1": "lemon"
            },
            "ref": "9"
          },
          "attributes": {
            "display": "false"
          },
          "children": [
            {
              "$$mdtype": "Tag",
              "name": "p",
              "attributes": {},
              "children": [
                "Lemons are a type of citrus fruit. They're often used in drinks and cooking."
              ]
            }
          ]
        },
        {
          "$$mdtype": "Tag",
          "name": "div",
          "if": {
            "$$mdtype": "Function",
            "name": "equals",
            "value": false,
            "parameters": {
              "0": {
                "$$mdtype": "Variable",
                "path": [
                  "item"
                ],
                "value": "sky"
              },
              "1": "school_bus"
            },
            "ref": "10"
          },
          "attributes": {
            "display": "false"
          },
          "children": [
            {
              "$$mdtype": "Tag",
              "name": "p",
              "attributes": {},
              "children": [
                "School buses are a type of vehicle. They're often used to transport students to and from school."
              ]
            }
          ]
        }
      ]
    },
    {
      "$$mdtype": "Tag",
      "name": "div",
      "if": {
        "$$mdtype": "Function",
        "name": "equals",
        "value": false,
        "parameters": {
          "0": {
            "$$mdtype": "Variable",
            "path": [
              "color"
            ],
            "value": "blue"
          },
          "1": "red"
        },
        "ref": "6"
      },
      "attributes": {
        "display": "false"
      },
      "children": [
        {
          "$$mdtype": "Tag",
          "name": "h2",
          "attributes": {
            "id": "red"
          },
          "children": [
            "Red"
          ]
        },
        {
          "$$mdtype": "Tag",
          "name": "div",
          "if": {
            "$$mdtype": "Function",
            "name": "equals",
            "value": false,
            "parameters": {
              "0": {
                "$$mdtype": "Variable",
                "path": [
                  "item"
                ],
                "value": "sky"
              },
              "1": "ruby"
            },
            "ref": "11"
          },
          "attributes": {
            "display": "false"
          },
          "children": [
            {
              "$$mdtype": "Tag",
              "name": "p",
              "attributes": {},
              "children": [
                "Rubies are a type of gemstone. They're known for their deep red color."
              ]
            }
          ]
        },
        {
          "$$mdtype": "Tag",
          "name": "div",
          "if": {
            "$$mdtype": "Function",
            "name": "equals",
            "value": false,
            "parameters": {
              "0": {
                "$$mdtype": "Variable",
                "path": [
                  "item"
                ],
                "value": "sky"
              },
              "1": "apple"
            },
            "ref": "12"
          },
          "attributes": {
            "display": "false"
          },
          "children": [
            {
              "$$mdtype": "Tag",
              "name": "p",
              "attributes": {},
              "children": [
                "Apples are a type of fruit. They're often eaten raw or used in baking."
              ]
            }
          ]
        },
        {
          "$$mdtype": "Tag",
          "name": "div",
          "if": {
            "$$mdtype": "Function",
            "name": "equals",
            "value": false,
            "parameters": {
              "0": {
                "$$mdtype": "Variable",
                "path": [
                  "item"
                ],
                "value": "sky"
              },
              "1": "firetruck"
            },
            "ref": "13"
          },
          "attributes": {
            "display": "false"
          },
          "children": [
            {
              "$$mdtype": "Tag",
              "name": "p",
              "attributes": {},
              "children": [
                "Firetrucks are a type of vehicle. They're often used to transport firefighters and equipment to emergency situations."
              ]
            }
          ]
        },
        {
          "$$mdtype": "Tag",
          "name": "div",
          "if": {
            "$$mdtype": "Function",
            "name": "equals",
            "value": false,
            "parameters": {
              "0": {
                "$$mdtype": "Variable",
                "path": [
                  "item"
                ],
                "value": "sky"
              },
              "1": "stop_sign"
            },
            "ref": "14"
          },
          "attributes": {
            "display": "false"
          },
          "children": [
            {
              "$$mdtype": "Tag",
              "name": "p",
              "attributes": {},
              "children": [
                "Stop signs are a type of traffic sign. They're used to indicate that drivers should stop their vehicles."
              ]
            }
          ]
        }
      ]
    }
  ]
}