{
  "title": "Primary Colors",
  "content_filters": [
    {
      "label": "Color",
      "trait_id": "color",
      "option_group_id": "primary_color_options"
    },
    {
      "label": "Item",
      "trait_id": "item",
      "option_group_id": "<COLOR>_item_options"
    }
  ],
  "aliases": [
    "/primary_colors_alias/"
  ]
}