{
  "filtersById": {
    "color": {
      "config": {
        "label": "Color",
        "id": "color",
        "option_group": "color_options"
      },
      "defaultValsByOptionGroupId": {
        "color_options": "blue"
      },
      "possibleVals": [
        "blue",
        "red"
      ]
    },
    "finish": {
      "config": {
        "label": "Finish",
        "id": "finish",
        "option_group": "finish_options"
      },
      "defaultValsByOptionGroupId": {
        "finish_options": "eggshell"
      },
      "possibleVals": [
        "matte",
        "eggshell",
        "gloss"
      ]
    },
    "paint": {
      "config": {
        "label": "Paint color",
        "id": "paint",
        "option_group": "<FINISH>_<COLOR>_paint_options"
      },
      "defaultValsByOptionGroupId": {
        "matte_blue_paint_options": "powder_blue",
        "matte_red_paint_options": "brick",
        "eggshell_blue_paint_options": "elegant_royal",
        "eggshell_red_paint_options": "rose",
        "gloss_blue_paint_options": "sky_blue",
        "gloss_red_paint_options": "fire_engine"
      },
      "possibleVals": [
        "powder_blue",
        "brick",
        "scarlet",
        "elegant_royal",
        "robins_egg",
        "rose",
        "ruby",
        "sky_blue",
        "navy",
        "fire_engine",
        "crimson"
      ]
    }
  },
  "optionGroupsById": {
    "color_options": [
      {
        "id": "blue",
        "label": "Blue",
        "default": true
      },
      {
        "id": "red",
        "label": "Red"
      }
    ],
    "finish_options": [
      {
        "id": "matte",
        "label": "Matte"
      },
      {
        "id": "eggshell",
        "label": "Eggshell",
        "default": true
      },
      {
        "id": "gloss",
        "label": "Gloss"
      }
    ],
    "matte_blue_paint_options": [
      {
        "id": "powder_blue",
        "label": "Powder Blue",
        "default": true
      }
    ],
    "matte_red_paint_options": [
      {
        "id": "brick",
        "label": "Brick",
        "default": true
      },
      {
        "id": "scarlet",
        "label": "Scarlet"
      }
    ],
    "eggshell_blue_paint_options": [
      {
        "id": "elegant_royal",
        "label": "Elegant Royal",
        "default": true
      },
      {
        "id": "robins_egg",
        "label": "Robin's Egg"
      }
    ],
    "eggshell_red_paint_options": [
      {
        "id": "rose",
        "label": "Rose",
        "default": true
      },
      {
        "id": "ruby",
        "label": "Ruby"
      }
    ],
    "gloss_blue_paint_options": [
      {
        "id": "sky_blue",
        "label": "Sky Blue",
        "default": true
      },
      {
        "id": "navy",
        "label": "Navy"
      }
    ],
    "gloss_red_paint_options": [
      {
        "id": "fire_engine",
        "label": "Fire Engine",
        "default": true
      },
      {
        "id": "crimson",
        "label": "Crimson"
      }
    ]
  },
  "errors": [],
  "defaultValsByFilterId": {
    "color": "blue",
    "finish": "eggshell",
    "paint": "elegant_royal"
  }
}