[
  "Invalid options source: The options source 'red_object_options', which is required for the filter ID 'item', does not exist.",
  "Invalid options source: The options source 'yellow_object_options', which is required for the filter ID 'item', does not exist.",
  "Invalid options source: The options source 'blue_object_options', which is required for the filter ID 'item', does not exist.",
]