{
  "$$mdtype": "Node",
  "errors": [],
  "lines": [],
  "inline": false,
  "attributes": {},
  "children": [
    {
      "$$mdtype": "Node",
      "errors": [],
      "lines": [
        0,
        1
      ],
      "inline": false,
      "attributes": {
        "level": 1
      },
      "children": [
        {
          "$$mdtype": "Node",
          "errors": [],
          "lines": [
            0,
            1
          ],
          "inline": false,
          "attributes": {},
          "children": [
            {
              "$$mdtype": "Node",
              "errors": [],
              "lines": [
                0,
                1
              ],
              "inline": true,
              "attributes": {
                "content": "Description list test"
              },
              "children": [],
              "type": "text",
              "annotations": [],
              "slots": {},
              "location": {
                "start": {
                  "line": 0
                },
                "end": {
                  "line": 1
                }
              }
            }
          ],
          "type": "inline",
          "annotations": [],
          "slots": {},
          "location": {
            "start": {
              "line": 0
            },
            "end": {
              "line": 1
            }
          }
        }
      ],
      "type": "heading",
      "annotations": [],
      "slots": {},
      "location": {
        "start": {
          "line": 0
        },
        "end": {
          "line": 1
        }
      }
    },
    {
      "$$mdtype": "Node",
      "errors": [],
      "lines": [
        2,
        13
      ],
      "inline": false,
      "attributes": {},
      "children": [
        {
          "$$mdtype": "Node",
          "errors": [],
          "lines": [
            2,
            2
          ],
          "inline": false,
          "attributes": {},
          "children": [
            {
              "$$mdtype": "Node",
              "errors": [],
              "lines": [
                2,
                2
              ],
              "inline": false,
              "attributes": {},
              "children": [
                {
                  "$$mdtype": "Node",
                  "errors": [],
                  "lines": [
                    2,
                    2
                  ],
                  "inline": true,
                  "attributes": {
                    "content": "Service"
                  },
                  "children": [],
                  "type": "text",
                  "annotations": [],
                  "slots": {},
                  "location": {
                    "start": {
                      "line": 2
                    },
                    "end": {
                      "line": 2
                    }
                  }
                }
              ],
              "type": "inline",
              "annotations": [],
              "slots": {},
              "location": {
                "start": {
                  "line": 2
                },
                "end": {
                  "line": 2
                }
              }
            }
          ],
          "type": "dt",
          "annotations": [],
          "slots": {},
          "location": {
            "start": {
              "line": 2
            },
            "end": {
              "line": 2
            }
          }
        },
        {
          "$$mdtype": "Node",
          "errors": [],
          "lines": [
            3,
            5
          ],
          "inline": false,
          "attributes": {},
          "children": [
            {
              "$$mdtype": "Node",
              "errors": [],
              "lines": [
                3,
                4
              ],
              "inline": false,
              "attributes": {},
              "children": [
                {
                  "$$mdtype": "Node",
                  "errors": [],
                  "lines": [
                    3,
                    4
                  ],
                  "inline": true,
                  "attributes": {
                    "content": "Services are the building blocks of modern microservice architectures - broadly a service groups together endpoints, queries, or jobs for the purposes of building your application."
                  },
                  "children": [],
                  "type": "text",
                  "annotations": [],
                  "slots": {},
                  "location": {
                    "start": {
                      "line": 3
                    },
                    "end": {
                      "line": 4
                    }
                  }
                }
              ],
              "type": "inline",
              "annotations": [],
              "slots": {},
              "location": {
                "start": {
                  "line": 3
                },
                "end": {
                  "line": 4
                }
              }
            }
          ],
          "type": "dd",
          "annotations": [],
          "slots": {},
          "location": {
            "start": {
              "line": 3
            },
            "end": {
              "line": 5
            }
          }
        },
        {
          "$$mdtype": "Node",
          "errors": [],
          "lines": [
            5,
            5
          ],
          "inline": false,
          "attributes": {},
          "children": [
            {
              "$$mdtype": "Node",
              "errors": [],
              "lines": [
                5,
                5
              ],
              "inline": false,
              "attributes": {},
              "children": [
                {
                  "$$mdtype": "Node",
                  "errors": [],
                  "lines": [
                    5,
                    5
                  ],
                  "inline": true,
                  "attributes": {
                    "content": "Resource"
                  },
                  "children": [],
                  "type": "text",
                  "annotations": [],
                  "slots": {},
                  "location": {
                    "start": {
                      "line": 5
                    },
                    "end": {
                      "line": 5
                    }
                  }
                }
              ],
              "type": "inline",
              "annotations": [],
              "slots": {},
              "location": {
                "start": {
                  "line": 5
                },
                "end": {
                  "line": 5
                }
              }
            }
          ],
          "type": "dt",
          "annotations": [],
          "slots": {},
          "location": {
            "start": {
              "line": 5
            },
            "end": {
              "line": 5
            }
          }
        },
        {
          "$$mdtype": "Node",
          "errors": [],
          "lines": [
            5,
            8
          ],
          "inline": false,
          "attributes": {},
          "children": [
            {
              "$$mdtype": "Node",
              "errors": [],
              "lines": [
                6,
                7
              ],
              "inline": false,
              "attributes": {},
              "children": [
                {
                  "$$mdtype": "Node",
                  "errors": [],
                  "lines": [
                    6,
                    7
                  ],
                  "inline": true,
                  "attributes": {
                    "content": "Resources represent a particular domain of a customer application - they are typically an instrumented web endpoint, database query, or background job."
                  },
                  "children": [],
                  "type": "text",
                  "annotations": [],
                  "slots": {},
                  "location": {
                    "start": {
                      "line": 6
                    },
                    "end": {
                      "line": 7
                    }
                  }
                }
              ],
              "type": "inline",
              "annotations": [],
              "slots": {},
              "location": {
                "start": {
                  "line": 6
                },
                "end": {
                  "line": 7
                }
              }
            }
          ],
          "type": "dd",
          "annotations": [],
          "slots": {},
          "location": {
            "start": {
              "line": 5
            },
            "end": {
              "line": 8
            }
          }
        },
        {
          "$$mdtype": "Node",
          "errors": [],
          "lines": [
            8,
            8
          ],
          "inline": false,
          "attributes": {},
          "children": [
            {
              "$$mdtype": "Node",
              "errors": [],
              "lines": [
                8,
                8
              ],
              "inline": false,
              "attributes": {},
              "children": [
                {
                  "$$mdtype": "Node",
                  "errors": [],
                  "lines": [
                    8,
                    8
                  ],
                  "inline": true,
                  "attributes": {
                    "content": "clusterChecksRunner.affinity.podAffinity.preferredDuringSchedulingIgnoredDuringExecution"
                  },
                  "children": [],
                  "type": "code",
                  "annotations": [],
                  "slots": {},
                  "location": {
                    "start": {
                      "line": 8
                    },
                    "end": {
                      "line": 8
                    }
                  }
                }
              ],
              "type": "inline",
              "annotations": [],
              "slots": {},
              "location": {
                "start": {
                  "line": 8
                },
                "end": {
                  "line": 8
                }
              }
            }
          ],
          "type": "dt",
          "annotations": [],
          "slots": {},
          "location": {
            "start": {
              "line": 8
            },
            "end": {
              "line": 8
            }
          }
        },
        {
          "$$mdtype": "Node",
          "errors": [],
          "lines": [
            8,
            11
          ],
          "inline": false,
          "attributes": {},
          "children": [
            {
              "$$mdtype": "Node",
              "errors": [],
              "lines": [
                9,
                10
              ],
              "inline": false,
              "attributes": {},
              "children": [
                {
                  "$$mdtype": "Node",
                  "errors": [],
                  "lines": [
                    9,
                    10
                  ],
                  "inline": true,
                  "attributes": {
                    "content": "Required. A list of node selector terms. The terms are ORed."
                  },
                  "children": [],
                  "type": "text",
                  "annotations": [],
                  "slots": {},
                  "location": {
                    "start": {
                      "line": 9
                    },
                    "end": {
                      "line": 10
                    }
                  }
                }
              ],
              "type": "inline",
              "annotations": [],
              "slots": {},
              "location": {
                "start": {
                  "line": 9
                },
                "end": {
                  "line": 10
                }
              }
            }
          ],
          "type": "dd",
          "annotations": [],
          "slots": {},
          "location": {
            "start": {
              "line": 8
            },
            "end": {
              "line": 11
            }
          }
        },
        {
          "$$mdtype": "Node",
          "errors": [],
          "lines": [
            11,
            11
          ],
          "inline": false,
          "attributes": {},
          "children": [
            {
              "$$mdtype": "Node",
              "errors": [],
              "lines": [
                11,
                11
              ],
              "inline": false,
              "attributes": {},
              "children": [
                {
                  "$$mdtype": "Node",
                  "errors": [],
                  "lines": [
                    11,
                    11
                  ],
                  "inline": true,
                  "attributes": {
                    "content": "site"
                  },
                  "children": [],
                  "type": "code",
                  "annotations": [],
                  "slots": {},
                  "location": {
                    "start": {
                      "line": 11
                    },
                    "end": {
                      "line": 11
                    }
                  }
                }
              ],
              "type": "inline",
              "annotations": [],
              "slots": {},
              "location": {
                "start": {
                  "line": 11
                },
                "end": {
                  "line": 11
                }
              }
            }
          ],
          "type": "dt",
          "annotations": [],
          "slots": {},
          "location": {
            "start": {
              "line": 11
            },
            "end": {
              "line": 11
            }
          }
        },
        {
          "$$mdtype": "Node",
          "errors": [],
          "lines": [
            11,
            13
          ],
          "inline": false,
          "attributes": {},
          "children": [
            {
              "$$mdtype": "Node",
              "errors": [],
              "lines": [
                12,
                13
              ],
              "inline": false,
              "attributes": {},
              "children": [
                {
                  "$$mdtype": "Node",
                  "errors": [],
                  "lines": [
                    12,
                    13
                  ],
                  "inline": true,
                  "attributes": {
                    "content": "Set the site of the Datadog intake for Agent data. Defaults to "
                  },
                  "children": [],
                  "type": "text",
                  "annotations": [],
                  "slots": {},
                  "location": {
                    "start": {
                      "line": 12
                    },
                    "end": {
                      "line": 13
                    }
                  }
                },
                {
                  "$$mdtype": "Node",
                  "errors": [],
                  "lines": [
                    12,
                    13
                  ],
                  "inline": true,
                  "attributes": {
                    "content": "datadoghq.com"
                  },
                  "children": [],
                  "type": "code",
                  "annotations": [],
                  "slots": {},
                  "location": {
                    "start": {
                      "line": 12
                    },
                    "end": {
                      "line": 13
                    }
                  }
                },
                {
                  "$$mdtype": "Node",
                  "errors": [],
                  "lines": [
                    12,
                    13
                  ],
                  "inline": true,
                  "attributes": {
                    "content": "."
                  },
                  "children": [],
                  "type": "text",
                  "annotations": [],
                  "slots": {},
                  "location": {
                    "start": {
                      "line": 12
                    },
                    "end": {
                      "line": 13
                    }
                  }
                }
              ],
              "type": "inline",
              "annotations": [],
              "slots": {},
              "location": {
                "start": {
                  "line": 12
                },
                "end": {
                  "line": 13
                }
              }
            }
          ],
          "type": "dd",
          "annotations": [],
          "slots": {},
          "location": {
            "start": {
              "line": 11
            },
            "end": {
              "line": 13
            }
          }
        }
      ],
      "type": "dl",
      "annotations": [],
      "slots": {},
      "location": {
        "start": {
          "line": 2
        },
        "end": {
          "line": 13
        }
      }
    }
  ],
  "type": "document",
  "annotations": [],
  "slots": {}
}