<style>
  .cdoc__hidden {
    background-color: dimgray;
    color: white;
  }

  code {
    color: deeppink;
  }

  .cdoc__hidden code {
    color: pink;
  }

  div.info {
    border: 1px solid blue;
  }

  div.warning {
    border: 1px solid red;
  }
</style>
<article>
  <h1>Custom components test</h1>
  <p>A check to determine if the custom components are working correctly.</p>
  <h2>Alert</h2>
  <div class="alert info"><p>This is an info alert!</p></div>
  <div class="alert warning"><p>This is a warning alert!</p></div>
  <p>An alert should appear above.</p>
</article>
