[
  "Invalid filter IDs found in markup: colour",
]