{
  "$$mdtype": "Node",
  "errors": [],
  "lines": [],
  "inline": false,
  "attributes": {},
  "children": [
    {
      "$$mdtype": "Node",
      "errors": [],
      "lines": [
        1,
        2,
        7,
        8
      ],
      "inline": false,
      "attributes": {
        "primary": {
          "$$mdtype": "Function",
          "name": "equals",
          "parameters": {
            "0": {
              "$$mdtype": "Variable",
              "path": [
                "test_string"
              ]
            },
            "1": "Datadog"
          }
        }
      },
      "children": [
        {
          "$$mdtype": "Node",
          "errors": [],
          "lines": [
            2,
            3
          ],
          "inline": false,
          "attributes": {},
          "children": [
            {
              "$$mdtype": "Node",
              "errors": [],
              "lines": [
                2,
                3
              ],
              "inline": false,
              "attributes": {},
              "children": [
                {
                  "$$mdtype": "Node",
                  "errors": [],
                  "lines": [
                    2,
                    3
                  ],
                  "inline": true,
                  "attributes": {
                    "content": "The test string is Datadog."
                  },
                  "children": [],
                  "type": "text",
                  "annotations": [],
                  "slots": {},
                  "location": {
                    "start": {
                      "line": 2
                    },
                    "end": {
                      "line": 3
                    }
                  }
                }
              ],
              "type": "inline",
              "annotations": [],
              "slots": {},
              "location": {
                "start": {
                  "line": 2
                },
                "end": {
                  "line": 3
                }
              }
            }
          ],
          "type": "paragraph",
          "annotations": [],
          "slots": {},
          "location": {
            "start": {
              "line": 2
            },
            "end": {
              "line": 3
            }
          }
        },
        {
          "$$mdtype": "Node",
          "errors": [],
          "lines": [
            3,
            4
          ],
          "inline": false,
          "attributes": {
            "primary": {
              "$$mdtype": "Function",
              "name": "equals",
              "parameters": {
                "0": {
                  "$$mdtype": "Variable",
                  "path": [
                    "test_string"
                  ]
                },
                "1": "Bits"
              }
            }
          },
          "children": [],
          "type": "tag",
          "tag": "else",
          "annotations": [
            {
              "type": "attribute",
              "name": "primary",
              "value": {
                "$$mdtype": "Function",
                "name": "equals",
                "parameters": {
                  "0": {
                    "$$mdtype": "Variable",
                    "path": [
                      "test_string"
                    ]
                  },
                  "1": "Bits"
                }
              }
            }
          ],
          "slots": {},
          "location": {
            "start": {
              "line": 3
            },
            "end": {
              "line": 4
            }
          }
        },
        {
          "$$mdtype": "Node",
          "errors": [],
          "lines": [
            4,
            5
          ],
          "inline": false,
          "attributes": {},
          "children": [
            {
              "$$mdtype": "Node",
              "errors": [],
              "lines": [
                4,
                5
              ],
              "inline": false,
              "attributes": {},
              "children": [
                {
                  "$$mdtype": "Node",
                  "errors": [],
                  "lines": [
                    4,
                    5
                  ],
                  "inline": true,
                  "attributes": {
                    "content": "The test string is Bits."
                  },
                  "children": [],
                  "type": "text",
                  "annotations": [],
                  "slots": {},
                  "location": {
                    "start": {
                      "line": 4
                    },
                    "end": {
                      "line": 5
                    }
                  }
                }
              ],
              "type": "inline",
              "annotations": [],
              "slots": {},
              "location": {
                "start": {
                  "line": 4
                },
                "end": {
                  "line": 5
                }
              }
            }
          ],
          "type": "paragraph",
          "annotations": [],
          "slots": {},
          "location": {
            "start": {
              "line": 4
            },
            "end": {
              "line": 5
            }
          }
        },
        {
          "$$mdtype": "Node",
          "errors": [],
          "lines": [
            5,
            6
          ],
          "inline": false,
          "attributes": {},
          "children": [],
          "type": "tag",
          "tag": "else",
          "annotations": [],
          "slots": {},
          "location": {
            "start": {
              "line": 5
            },
            "end": {
              "line": 6
            }
          }
        },
        {
          "$$mdtype": "Node",
          "errors": [],
          "lines": [
            6,
            7
          ],
          "inline": false,
          "attributes": {},
          "children": [
            {
              "$$mdtype": "Node",
              "errors": [],
              "lines": [
                6,
                7
              ],
              "inline": false,
              "attributes": {},
              "children": [
                {
                  "$$mdtype": "Node",
                  "errors": [],
                  "lines": [
                    6,
                    7
                  ],
                  "inline": true,
                  "attributes": {
                    "content": "The test string is not Datadog or Bits."
                  },
                  "children": [],
                  "type": "text",
                  "annotations": [],
                  "slots": {},
                  "location": {
                    "start": {
                      "line": 6
                    },
                    "end": {
                      "line": 7
                    }
                  }
                }
              ],
              "type": "inline",
              "annotations": [],
              "slots": {},
              "location": {
                "start": {
                  "line": 6
                },
                "end": {
                  "line": 7
                }
              }
            }
          ],
          "type": "paragraph",
          "annotations": [],
          "slots": {},
          "location": {
            "start": {
              "line": 6
            },
            "end": {
              "line": 7
            }
          }
        }
      ],
      "type": "tag",
      "tag": "if",
      "annotations": [
        {
          "type": "attribute",
          "name": "primary",
          "value": {
            "$$mdtype": "Function",
            "name": "equals",
            "parameters": {
              "0": {
                "$$mdtype": "Variable",
                "path": [
                  "test_string"
                ]
              },
              "1": "Datadog"
            }
          }
        }
      ],
      "slots": {},
      "location": {
        "start": {
          "line": 1
        },
        "end": {
          "line": 2
        }
      }
    }
  ],
  "type": "document",
  "annotations": [],
  "slots": {}
}